{
    "Should run without failures": {
        "content": [
            [
                "versions.yml:md5,fea3da3eefc5707fe32b635d959fb198"
            ]
        ],
        "timestamp": "2026-09-29T15:41:51.995558",
        "meta": {
            "nf-test": "0.9.5",
            "nextflow": "26.04.6"
        }
    }
}